next.config.ts(7,3): error TS2353: Object literal may only specify known properties, and 'eslint' does not exist in type 'NextConfig'.
quran-reader-backup.tsx(14,24): error TS2307: Cannot find module '../ui/button' or its corresponding type declarations.
quran-reader-backup.tsx(16,34): error TS2307: Cannot find module './verse-translation' or its corresponding type declarations.
quran-reader-backup.tsx(19,30): error TS2307: Cannot find module './tafsir-dialog' or its corresponding type declarations.
src/app/migrate/page.tsx(4,10): error TS7034: Variable 'db' implicitly has type 'any' in some locations where its type cannot be determined.
src/app/migrate/page.tsx(30,34): error TS7005: Variable 'db' implicitly has an 'any' type.
src/app/migrate/page.tsx(35,30): error TS7005: Variable 'db' implicitly has an 'any' type.
src/app/page.tsx(70,10): error TS2322: Type '{ title: string; value: string; change: string; changeType: string; icon: Element; }' is not assignable to type 'StatCardProps'.
  Types of property 'changeType' are incompatible.
    Type 'string' is not assignable to type '"increase" | "decrease" | "neutral"'.
src/components/dashboard/daily-ayah.tsx(26,23): error TS2339: Property 'translation' does not exist on type 'Omit<Verse, "id" | "translation">'.
src/components/ui/calendar.tsx(57,9): error TS2353: Object literal may only specify known properties, and 'IconLeft' does not exist in type 'Partial<CustomComponents>'.
src/components/ui/calendar.tsx(57,22): error TS7031: Binding element 'className' implicitly has an 'any' type.
src/components/ui/calendar.tsx(60,23): error TS7031: Binding element 'className' implicitly has an 'any' type.
src/context/AuthContext.tsx(13,10): error TS7034: Variable 'auth' implicitly has type 'any' in some locations where its type cannot be determined.
src/context/AuthContext.tsx(31,44): error TS7005: Variable 'auth' implicitly has an 'any' type.
src/context/AuthContext.tsx(39,38): error TS7005: Variable 'auth' implicitly has an 'any' type.
src/context/AuthContext.tsx(43,42): error TS7005: Variable 'auth' implicitly has an 'any' type.
src/context/AuthContext.tsx(48,27): error TS7005: Variable 'auth' implicitly has an 'any' type.
src/context/AuthContext.tsx(52,19): error TS7005: Variable 'auth' implicitly has an 'any' type.
src/context/BookmarkContext.tsx(7,10): error TS7034: Variable 'db' implicitly has type 'any' in some locations where its type cannot be determined.
src/context/BookmarkContext.tsx(30,38): error TS7005: Variable 'db' implicitly has an 'any' type.
src/context/BookmarkContext.tsx(64,26): error TS7005: Variable 'db' implicitly has an 'any' type.
src/context/BookmarkContext.tsx(76,29): error TS7005: Variable 'db' implicitly has an 'any' type.
src/context/SurahProgressContext.tsx(6,10): error TS7034: Variable 'db' implicitly has type 'any' in some locations where its type cannot be determined.
src/context/SurahProgressContext.tsx(26,53): error TS7005: Variable 'db' implicitly has an 'any' type.
src/context/SurahProgressContext.tsx(62,26): error TS7005: Variable 'db' implicitly has an 'any' type.
src/lib/data.ts(175,3): error TS2353: Object literal may only specify known properties, and 'translation' does not exist in type 'Omit<Verse, "id" | "translation">'.
src/lib/tafsir-service.ts(3,10): error TS7034: Variable 'db' implicitly has type 'any' in some locations where its type cannot be determined.
src/lib/tafsir-service.ts(30,10): error TS7005: Variable 'db' implicitly has an 'any' type.
src/lib/tafsir-service.ts(86,10): error TS7005: Variable 'db' implicitly has an 'any' type.
